LTspice 24.1.10 for Windows
Circuit: C:\Users\andyt\Downloads\wireless-charger-demo.net
Start Time: Wed Jul 29 14:05:21 2026
solver = Normal
Maximum thread count: 12
tnom = 27
temp = 27
method = trap
WARNING: Node p004 is floating.

Direct Newton iteration failed to find .op point.  (Use ".option noopiter" to skip.)
Starting Gmin stepping
Gmin = 10
Gmin = 1.07374
Gmin = 0.115292
Gmin = 0.0123794
Gmin = 0.00132923
Gmin = 0.000142725
Gmin = 1.5325e-05
Gmin = 1.6455e-06
Gmin = 1.76685e-07
Gmin = 1.89714e-08
Gmin = 2.03704e-09
Gmin = 2.18725e-10
Gmin = 2.34854e-11
Gmin = 2.52173e-12
Gmin = 2.70769e-13
Gmin = 0
Gmin stepping succeeded in finding the operating point.


Simulation stopped by user.
Total elapsed time: 11.917 seconds.

Files loaded:
C:\Users\andyt\Downloads\wireless-charger-demo.net
C:\Users\andyt\AppData\Local\LTspice\lib\cmp\standard.dio
C:\Users\andyt\AppData\Local\LTspice\lib\cmp\standard.mos
C:\Users\andyt\Downloads\irlz44n.spi
C:\Users\andyt\Downloads\MBR1045.spice.txt
C:\Users\andyt\Downloads\MCP6561.txt
C:\Users\andyt\AppData\Local\LTspice\lib\sub\NE555.sub
C:\Users\andyt\AppData\Local\LTspice\lib\sub\regulators.lib

